2026-02-05 23:13:28,295 [Server thread] ERROR Dungeons2 | StyleSheetLoader.java:245 | Attempting to copy style to path -> /workspaces/anzu/servidor_minecraft/mods/dungeons2/styleSheet.json
2026-02-05 23:13:28,296 [Server thread] ERROR Dungeons2 | StyleSheetLoader.java:257 | Error exposing stylesheet resource to file system: 
java.io.FileNotFoundException: /workspaces/anzu/servidor_minecraft/mods/dungeons2/styleSheet.json (No such file or directory)
	at java.io.FileOutputStream.open0(Native Method) ~[?:1.8.0_482]
	at java.io.FileOutputStream.open(FileOutputStream.java:270) ~[?:1.8.0_482]
	at java.io.FileOutputStream.<init>(FileOutputStream.java:213) ~[?:1.8.0_482]
	at java.io.FileOutputStream.<init>(FileOutputStream.java:162) ~[?:1.8.0_482]
	at com.someguyssoftware.dungeons2.style.StyleSheetLoader.exposeStyleSheet(StyleSheetLoader.java:249) [StyleSheetLoader.class:mc1.12.2-f14.23.5.2859-v2.0.0]
	at com.someguyssoftware.dungeons2.Dungeons2.preInt(Dungeons2.java:147) [Dungeons2.class:mc1.12.2-f14.23.5.2859-v2.0.0]
	at sun.reflect.NativeMethodAccessorImpl.invoke0(Native Method) ~[?:1.8.0_482]
	at sun.reflect.NativeMethodAccessorImpl.invoke(NativeMethodAccessorImpl.java:62) ~[?:1.8.0_482]
	at sun.reflect.DelegatingMethodAccessorImpl.invoke(DelegatingMethodAccessorImpl.java:43) ~[?:1.8.0_482]
	at java.lang.reflect.Method.invoke(Method.java:498) ~[?:1.8.0_482]
	at net.minecraftforge.fml.common.FMLModContainer.handleModStateEvent(FMLModContainer.java:637) [FMLModContainer.class:?]
	at sun.reflect.GeneratedMethodAccessor10.invoke(Unknown Source) ~[?:?]
	at sun.reflect.DelegatingMethodAccessorImpl.invoke(DelegatingMethodAccessorImpl.java:43) ~[?:1.8.0_482]
	at java.lang.reflect.Method.invoke(Method.java:498) ~[?:1.8.0_482]
	at com.google.common.eventbus.Subscriber.invokeSubscriberMethod(Subscriber.java:91) [minecraft_server.1.12.2.jar:?]
	at com.google.common.eventbus.Subscriber$SynchronizedSubscriber.invokeSubscriberMethod(Subscriber.java:150) [minecraft_server.1.12.2.jar:?]
	at com.google.common.eventbus.Subscriber$1.run(Subscriber.java:76) [minecraft_server.1.12.2.jar:?]
	at com.google.common.util.concurrent.MoreExecutors$DirectExecutor.execute(MoreExecutors.java:399) [minecraft_server.1.12.2.jar:?]
	at com.google.common.eventbus.Subscriber.dispatchEvent(Subscriber.java:71) [minecraft_server.1.12.2.jar:?]
	at com.google.common.eventbus.Dispatcher$PerThreadQueuedDispatcher.dispatch(Dispatcher.java:116) [minecraft_server.1.12.2.jar:?]
	at com.google.common.eventbus.EventBus.post(EventBus.java:217) [minecraft_server.1.12.2.jar:?]
	at net.minecraftforge.fml.common.LoadController.sendEventToModContainer(LoadController.java:219) [LoadController.class:?]
	at net.minecraftforge.fml.common.LoadController.propogateStateMessage(LoadController.java:197) [LoadController.class:?]
	at sun.reflect.NativeMethodAccessorImpl.invoke0(Native Method) ~[?:1.8.0_482]
	at sun.reflect.NativeMethodAccessorImpl.invoke(NativeMethodAccessorImpl.java:62) ~[?:1.8.0_482]
	at sun.reflect.DelegatingMethodAccessorImpl.invoke(DelegatingMethodAccessorImpl.java:43) ~[?:1.8.0_482]
	at java.lang.reflect.Method.invoke(Method.java:498) ~[?:1.8.0_482]
	at com.google.common.eventbus.Subscriber.invokeSubscriberMethod(Subscriber.java:91) [minecraft_server.1.12.2.jar:?]
	at com.google.common.eventbus.Subscriber$SynchronizedSubscriber.invokeSubscriberMethod(Subscriber.java:150) [minecraft_server.1.12.2.jar:?]
	at com.google.common.eventbus.Subscriber$1.run(Subscriber.java:76) [minecraft_server.1.12.2.jar:?]
	at com.google.common.util.concurrent.MoreExecutors$DirectExecutor.execute(MoreExecutors.java:399) [minecraft_server.1.12.2.jar:?]
	at com.google.common.eventbus.Subscriber.dispatchEvent(Subscriber.java:71) [minecraft_server.1.12.2.jar:?]
	at com.google.common.eventbus.Dispatcher$PerThreadQueuedDispatcher.dispatch(Dispatcher.java:116) [minecraft_server.1.12.2.jar:?]
	at com.google.common.eventbus.EventBus.post(EventBus.java:217) [minecraft_server.1.12.2.jar:?]
	at net.minecraftforge.fml.common.LoadController.distributeStateMessage(LoadController.java:136) [LoadController.class:?]
	at net.minecraftforge.fml.common.Loader.preinitializeMods(Loader.java:629) [Loader.class:?]
	at net.minecraftforge.fml.server.FMLServerHandler.beginServerLoading(FMLServerHandler.java:99) [FMLServerHandler.class:?]
	at net.minecraftforge.fml.common.FMLCommonHandler.onServerStart(FMLCommonHandler.java:333) [FMLCommonHandler.class:?]
	at net.minecraft.server.dedicated.DedicatedServer.func_71197_b(DedicatedServer.java:125) [nz.class:?]
	at net.minecraft.server.MinecraftServer.run(MinecraftServer.java:486) [MinecraftServer.class:?]
	at java.lang.Thread.run(Thread.java:750) [?:1.8.0_482]
2026-02-05 23:13:28,301 [Server thread] ERROR Dungeons2 | SpawnSheetLoader.java:207 | Error exposing spawnsheet resource to file system.
2026-02-05 23:13:33,558 [Server thread] ERROR Dungeons2 | DungeonsWorldGen.java:154 | Error loading Style/Chest/Spawn sheet: 
java.nio.file.NoSuchFileException: mods/dungeons2/styleSheets
	at sun.nio.fs.UnixException.translateToIOException(UnixException.java:86) ~[?:1.8.0_482]
	at sun.nio.fs.UnixException.rethrowAsIOException(UnixException.java:102) ~[?:1.8.0_482]
	at sun.nio.fs.UnixException.rethrowAsIOException(UnixException.java:107) ~[?:1.8.0_482]
	at sun.nio.fs.UnixFileSystemProvider.createDirectory(UnixFileSystemProvider.java:384) ~[?:1.8.0_482]
	at java.nio.file.Files.createDirectory(Files.java:674) ~[?:1.8.0_482]
	at com.someguyssoftware.dungeons2.worldgen.DungeonsWorldGen.init(DungeonsWorldGen.java:131) [DungeonsWorldGen.class:mc1.12.2-f14.23.5.2859-v2.0.0]
	at com.someguyssoftware.dungeons2.worldgen.DungeonsWorldGen.<init>(DungeonsWorldGen.java:94) [DungeonsWorldGen.class:mc1.12.2-f14.23.5.2859-v2.0.0]
	at com.someguyssoftware.dungeons2.Dungeons2.init(Dungeons2.java:173) [Dungeons2.class:mc1.12.2-f14.23.5.2859-v2.0.0]
	at sun.reflect.NativeMethodAccessorImpl.invoke0(Native Method) ~[?:1.8.0_482]
	at sun.reflect.NativeMethodAccessorImpl.invoke(NativeMethodAccessorImpl.java:62) ~[?:1.8.0_482]
	at sun.reflect.DelegatingMethodAccessorImpl.invoke(DelegatingMethodAccessorImpl.java:43) ~[?:1.8.0_482]
	at java.lang.reflect.Method.invoke(Method.java:498) ~[?:1.8.0_482]
	at net.minecraftforge.fml.common.FMLModContainer.handleModStateEvent(FMLModContainer.java:637) [FMLModContainer.class:?]
	at sun.reflect.GeneratedMethodAccessor10.invoke(Unknown Source) ~[?:?]
	at sun.reflect.DelegatingMethodAccessorImpl.invoke(DelegatingMethodAccessorImpl.java:43) ~[?:1.8.0_482]
	at java.lang.reflect.Method.invoke(Method.java:498) ~[?:1.8.0_482]
	at com.google.common.eventbus.Subscriber.invokeSubscriberMethod(Subscriber.java:91) [minecraft_server.1.12.2.jar:?]
	at com.google.common.eventbus.Subscriber$SynchronizedSubscriber.invokeSubscriberMethod(Subscriber.java:150) [minecraft_server.1.12.2.jar:?]
	at com.google.common.eventbus.Subscriber$1.run(Subscriber.java:76) [minecraft_server.1.12.2.jar:?]
	at com.google.common.util.concurrent.MoreExecutors$DirectExecutor.execute(MoreExecutors.java:399) [minecraft_server.1.12.2.jar:?]
	at com.google.common.eventbus.Subscriber.dispatchEvent(Subscriber.java:71) [minecraft_server.1.12.2.jar:?]
	at com.google.common.eventbus.Dispatcher$PerThreadQueuedDispatcher.dispatch(Dispatcher.java:116) [minecraft_server.1.12.2.jar:?]
	at com.google.common.eventbus.EventBus.post(EventBus.java:217) [minecraft_server.1.12.2.jar:?]
	at net.minecraftforge.fml.common.LoadController.sendEventToModContainer(LoadController.java:219) [LoadController.class:?]
	at net.minecraftforge.fml.common.LoadController.propogateStateMessage(LoadController.java:197) [LoadController.class:?]
	at sun.reflect.NativeMethodAccessorImpl.invoke0(Native Method) ~[?:1.8.0_482]
	at sun.reflect.NativeMethodAccessorImpl.invoke(NativeMethodAccessorImpl.java:62) ~[?:1.8.0_482]
	at sun.reflect.DelegatingMethodAccessorImpl.invoke(DelegatingMethodAccessorImpl.java:43) ~[?:1.8.0_482]
	at java.lang.reflect.Method.invoke(Method.java:498) ~[?:1.8.0_482]
	at com.google.common.eventbus.Subscriber.invokeSubscriberMethod(Subscriber.java:91) [minecraft_server.1.12.2.jar:?]
	at com.google.common.eventbus.Subscriber$SynchronizedSubscriber.invokeSubscriberMethod(Subscriber.java:150) [minecraft_server.1.12.2.jar:?]
	at com.google.common.eventbus.Subscriber$1.run(Subscriber.java:76) [minecraft_server.1.12.2.jar:?]
	at com.google.common.util.concurrent.MoreExecutors$DirectExecutor.execute(MoreExecutors.java:399) [minecraft_server.1.12.2.jar:?]
	at com.google.common.eventbus.Subscriber.dispatchEvent(Subscriber.java:71) [minecraft_server.1.12.2.jar:?]
	at com.google.common.eventbus.Dispatcher$PerThreadQueuedDispatcher.dispatch(Dispatcher.java:116) [minecraft_server.1.12.2.jar:?]
	at com.google.common.eventbus.EventBus.post(EventBus.java:217) [minecraft_server.1.12.2.jar:?]
	at net.minecraftforge.fml.common.LoadController.distributeStateMessage(LoadController.java:136) [LoadController.class:?]
	at net.minecraftforge.fml.common.Loader.initializeMods(Loader.java:749) [Loader.class:?]
	at net.minecraftforge.fml.server.FMLServerHandler.finishServerLoading(FMLServerHandler.java:108) [FMLServerHandler.class:?]
	at net.minecraftforge.fml.common.FMLCommonHandler.onServerStarted(FMLCommonHandler.java:338) [FMLCommonHandler.class:?]
	at net.minecraft.server.dedicated.DedicatedServer.func_71197_b(DedicatedServer.java:219) [nz.class:?]
	at net.minecraft.server.MinecraftServer.run(MinecraftServer.java:486) [MinecraftServer.class:?]
	at java.lang.Thread.run(Thread.java:750) [?:1.8.0_482]
2026-02-05 23:13:34,337 [Server thread] INFO GottschCore | VersionChecker.java:110 | [gottschcore] Starting version check at https://raw.githubusercontent.com/gottsch/gottsch-minecraft-GottschCore/1.12.2-master/update.json
2026-02-05 23:13:34,347 [Server thread] INFO GottschCore | VersionChecker.java:110 | [dungeons2] Starting version check at https://raw.githubusercontent.com/gottsch/gottsch-minecraft-Dungeons2/1.12.2-master/update.json
2026-02-05 23:22:38,974 [Server thread] ERROR Dungeons2 | StyleSheetLoader.java:245 | Attempting to copy style to path -> /workspaces/anzu/servidor_minecraft/mods/dungeons2/styleSheet.json
2026-02-05 23:22:44,127 [Server thread] ERROR GottschCore | LootTableMaster.java:208 | is file system loot table current -> true
2026-02-05 23:22:44,129 [Server thread] ERROR GottschCore | LootTableMaster.java:208 | is file system loot table current -> true
2026-02-05 23:22:44,132 [Server thread] ERROR GottschCore | LootTableMaster.java:208 | is file system loot table current -> true
2026-02-05 23:22:44,134 [Server thread] ERROR GottschCore | LootTableMaster.java:208 | is file system loot table current -> true
2026-02-05 23:22:44,135 [Server thread] ERROR GottschCore | LootTableMaster.java:208 | is file system loot table current -> true
2026-02-05 23:22:44,151 [Server thread] ERROR GottschCore | LootTableMaster.java:208 | is file system loot table current -> true
2026-02-05 23:22:44,152 [Server thread] ERROR GottschCore | LootTableMaster.java:208 | is file system loot table current -> true
2026-02-05 23:22:44,153 [Server thread] ERROR GottschCore | LootTableMaster.java:208 | is file system loot table current -> true
2026-02-05 23:22:44,154 [Server thread] ERROR GottschCore | LootTableMaster.java:208 | is file system loot table current -> true
2026-02-05 23:22:44,155 [Server thread] ERROR GottschCore | LootTableMaster.java:208 | is file system loot table current -> true
2026-02-05 23:22:44,157 [Server thread] ERROR GottschCore | LootTableMaster.java:208 | is file system loot table current -> true
2026-02-05 23:22:44,158 [Server thread] ERROR GottschCore | LootTableMaster.java:208 | is file system loot table current -> true
2026-02-05 23:22:44,159 [Server thread] ERROR GottschCore | LootTableMaster.java:208 | is file system loot table current -> true
2026-02-05 23:22:44,159 [Server thread] ERROR GottschCore | LootTableMaster.java:208 | is file system loot table current -> true
2026-02-05 23:22:44,161 [Server thread] ERROR GottschCore | LootTableMaster.java:208 | is file system loot table current -> true
2026-02-05 23:22:44,164 [Server thread] ERROR GottschCore | LootTableMaster.java:208 | is file system loot table current -> true
2026-02-05 23:22:44,165 [Server thread] ERROR GottschCore | LootTableMaster.java:208 | is file system loot table current -> true
2026-02-05 23:22:44,166 [Server thread] ERROR GottschCore | LootTableMaster.java:208 | is file system loot table current -> true
2026-02-05 23:22:44,167 [Server thread] ERROR GottschCore | LootTableMaster.java:208 | is file system loot table current -> true
2026-02-05 23:22:44,168 [Server thread] ERROR GottschCore | LootTableMaster.java:208 | is file system loot table current -> true
2026-02-05 23:22:44,170 [Server thread] ERROR GottschCore | LootTableMaster.java:208 | is file system loot table current -> true
2026-02-05 23:22:44,172 [Server thread] ERROR GottschCore | LootTableMaster.java:208 | is file system loot table current -> true
2026-02-05 23:22:44,173 [Server thread] ERROR GottschCore | LootTableMaster.java:208 | is file system loot table current -> true
2026-02-05 23:22:44,174 [Server thread] ERROR GottschCore | LootTableMaster.java:208 | is file system loot table current -> true
2026-02-05 23:22:44,176 [Server thread] ERROR GottschCore | LootTableMaster.java:208 | is file system loot table current -> true
2026-02-05 23:22:44,178 [Server thread] ERROR GottschCore | LootTableMaster.java:208 | is file system loot table current -> true
2026-02-05 23:22:44,179 [Server thread] ERROR GottschCore | LootTableMaster.java:208 | is file system loot table current -> true
2026-02-05 23:22:44,180 [Server thread] ERROR GottschCore | LootTableMaster.java:208 | is file system loot table current -> true
2026-02-05 23:22:44,181 [Server thread] ERROR GottschCore | LootTableMaster.java:208 | is file system loot table current -> true
2026-02-05 23:22:44,182 [Server thread] ERROR GottschCore | LootTableMaster.java:208 | is file system loot table current -> true
2026-02-05 23:22:44,983 [Server thread] INFO GottschCore | VersionChecker.java:110 | [gottschcore] Starting version check at https://raw.githubusercontent.com/gottsch/gottsch-minecraft-GottschCore/1.12.2-master/update.json
2026-02-05 23:22:44,992 [Server thread] INFO GottschCore | VersionChecker.java:110 | [dungeons2] Starting version check at https://raw.githubusercontent.com/gottsch/gottsch-minecraft-Dungeons2/1.12.2-master/update.json
2026-02-08 21:11:06,414 [Server thread] ERROR GottschCore | LootTableMaster.java:208 | is file system loot table current -> true
2026-02-08 21:11:06,416 [Server thread] ERROR GottschCore | LootTableMaster.java:208 | is file system loot table current -> true
2026-02-08 21:11:06,418 [Server thread] ERROR GottschCore | LootTableMaster.java:208 | is file system loot table current -> true
2026-02-08 21:11:06,420 [Server thread] ERROR GottschCore | LootTableMaster.java:208 | is file system loot table current -> true
2026-02-08 21:11:06,422 [Server thread] ERROR GottschCore | LootTableMaster.java:208 | is file system loot table current -> true
2026-02-08 21:11:06,437 [Server thread] ERROR GottschCore | LootTableMaster.java:208 | is file system loot table current -> true
2026-02-08 21:11:06,439 [Server thread] ERROR GottschCore | LootTableMaster.java:208 | is file system loot table current -> true
2026-02-08 21:11:06,440 [Server thread] ERROR GottschCore | LootTableMaster.java:208 | is file system loot table current -> true
2026-02-08 21:11:06,441 [Server thread] ERROR GottschCore | LootTableMaster.java:208 | is file system loot table current -> true
2026-02-08 21:11:06,442 [Server thread] ERROR GottschCore | LootTableMaster.java:208 | is file system loot table current -> true
2026-02-08 21:11:06,443 [Server thread] ERROR GottschCore | LootTableMaster.java:208 | is file system loot table current -> true
2026-02-08 21:11:06,444 [Server thread] ERROR GottschCore | LootTableMaster.java:208 | is file system loot table current -> true
2026-02-08 21:11:06,445 [Server thread] ERROR GottschCore | LootTableMaster.java:208 | is file system loot table current -> true
2026-02-08 21:11:06,446 [Server thread] ERROR GottschCore | LootTableMaster.java:208 | is file system loot table current -> true
2026-02-08 21:11:06,447 [Server thread] ERROR GottschCore | LootTableMaster.java:208 | is file system loot table current -> true
2026-02-08 21:11:06,449 [Server thread] ERROR GottschCore | LootTableMaster.java:208 | is file system loot table current -> true
2026-02-08 21:11:06,450 [Server thread] ERROR GottschCore | LootTableMaster.java:208 | is file system loot table current -> true
2026-02-08 21:11:06,451 [Server thread] ERROR GottschCore | LootTableMaster.java:208 | is file system loot table current -> true
2026-02-08 21:11:06,452 [Server thread] ERROR GottschCore | LootTableMaster.java:208 | is file system loot table current -> true
2026-02-08 21:11:06,454 [Server thread] ERROR GottschCore | LootTableMaster.java:208 | is file system loot table current -> true
2026-02-08 21:11:06,455 [Server thread] ERROR GottschCore | LootTableMaster.java:208 | is file system loot table current -> true
2026-02-08 21:11:06,457 [Server thread] ERROR GottschCore | LootTableMaster.java:208 | is file system loot table current -> true
2026-02-08 21:11:06,458 [Server thread] ERROR GottschCore | LootTableMaster.java:208 | is file system loot table current -> true
2026-02-08 21:11:06,459 [Server thread] ERROR GottschCore | LootTableMaster.java:208 | is file system loot table current -> true
2026-02-08 21:11:06,460 [Server thread] ERROR GottschCore | LootTableMaster.java:208 | is file system loot table current -> true
2026-02-08 21:11:06,461 [Server thread] ERROR GottschCore | LootTableMaster.java:208 | is file system loot table current -> true
2026-02-08 21:11:06,462 [Server thread] ERROR GottschCore | LootTableMaster.java:208 | is file system loot table current -> true
2026-02-08 21:11:06,463 [Server thread] ERROR GottschCore | LootTableMaster.java:208 | is file system loot table current -> true
2026-02-08 21:11:06,464 [Server thread] ERROR GottschCore | LootTableMaster.java:208 | is file system loot table current -> true
2026-02-08 21:11:06,465 [Server thread] ERROR GottschCore | LootTableMaster.java:208 | is file system loot table current -> true
2026-02-08 21:11:07,248 [Server thread] INFO GottschCore | VersionChecker.java:110 | [gottschcore] Starting version check at https://raw.githubusercontent.com/gottsch/gottsch-minecraft-GottschCore/1.12.2-master/update.json
2026-02-08 21:11:07,258 [Server thread] INFO GottschCore | VersionChecker.java:110 | [dungeons2] Starting version check at https://raw.githubusercontent.com/gottsch/gottsch-minecraft-Dungeons2/1.12.2-master/update.json
2026-02-08 21:16:03,818 [Server thread] INFO Dungeons2 | DungeonsWorldGen.java:221 | deferred placerholder -> DungeonInfo [coords=Coords [x=71, y=64, z=263], levels=0, minX=0, maxX=0, minY=0, maxY=0, minZ=0, maxZ=0, themeName=null, bossChestCoords=null, pattern=null, levelSize=null, size=null, direction=null]
2026-02-08 21:16:04,051 [Server thread] WARN Dungeons2 | DungeonBuilderTopDown.java:386 | Levels don't require joining 4 to 3
2026-02-08 21:16:04,115 [Server thread] WARN Dungeons2 | RotatorRegistry.java:68 | The class has already been registered.
2026-02-08 21:16:04,805 [Server thread] INFO Dungeons2 | DeferredDungeonGeneratorTileEntity.java:142 | generated info -> DungeonInfo [coords=Coords [x=59, y=65, z=287], levels=5, minX=45, maxX=102, minY=13, maxY=56, minZ=239, maxZ=292, themeName=standard, bossChestCoords=null, pattern=null, levelSize=null, size=null, direction=null]
2026-02-08 21:16:04,805 [Server thread] INFO Dungeons2 | DeferredDungeonGeneratorTileEntity.java:150 | dungeon generated -> 71 64 263
2026-02-08 21:58:29,180 [Server thread] ERROR GottschCore | LootTableMaster.java:208 | is file system loot table current -> true
2026-02-08 21:58:29,183 [Server thread] ERROR GottschCore | LootTableMaster.java:208 | is file system loot table current -> true
2026-02-08 21:58:29,185 [Server thread] ERROR GottschCore | LootTableMaster.java:208 | is file system loot table current -> true
2026-02-08 21:58:29,187 [Server thread] ERROR GottschCore | LootTableMaster.java:208 | is file system loot table current -> true
2026-02-08 21:58:29,189 [Server thread] ERROR GottschCore | LootTableMaster.java:208 | is file system loot table current -> true
2026-02-08 21:58:29,211 [Server thread] ERROR GottschCore | LootTableMaster.java:208 | is file system loot table current -> true
2026-02-08 21:58:29,212 [Server thread] ERROR GottschCore | LootTableMaster.java:208 | is file system loot table current -> true
2026-02-08 21:58:29,213 [Server thread] ERROR GottschCore | LootTableMaster.java:208 | is file system loot table current -> true
2026-02-08 21:58:29,215 [Server thread] ERROR GottschCore | LootTableMaster.java:208 | is file system loot table current -> true
2026-02-08 21:58:29,216 [Server thread] ERROR GottschCore | LootTableMaster.java:208 | is file system loot table current -> true
2026-02-08 21:58:29,218 [Server thread] ERROR GottschCore | LootTableMaster.java:208 | is file system loot table current -> true
2026-02-08 21:58:29,219 [Server thread] ERROR GottschCore | LootTableMaster.java:208 | is file system loot table current -> true
2026-02-08 21:58:29,220 [Server thread] ERROR GottschCore | LootTableMaster.java:208 | is file system loot table current -> true
2026-02-08 21:58:29,221 [Server thread] ERROR GottschCore | LootTableMaster.java:208 | is file system loot table current -> true
2026-02-08 21:58:29,222 [Server thread] ERROR GottschCore | LootTableMaster.java:208 | is file system loot table current -> true
2026-02-08 21:58:29,225 [Server thread] ERROR GottschCore | LootTableMaster.java:208 | is file system loot table current -> true
2026-02-08 21:58:29,226 [Server thread] ERROR GottschCore | LootTableMaster.java:208 | is file system loot table current -> true
2026-02-08 21:58:29,227 [Server thread] ERROR GottschCore | LootTableMaster.java:208 | is file system loot table current -> true
2026-02-08 21:58:29,228 [Server thread] ERROR GottschCore | LootTableMaster.java:208 | is file system loot table current -> true
2026-02-08 21:58:29,230 [Server thread] ERROR GottschCore | LootTableMaster.java:208 | is file system loot table current -> true
2026-02-08 21:58:29,232 [Server thread] ERROR GottschCore | LootTableMaster.java:208 | is file system loot table current -> true
2026-02-08 21:58:29,233 [Server thread] ERROR GottschCore | LootTableMaster.java:208 | is file system loot table current -> true
2026-02-08 21:58:29,234 [Server thread] ERROR GottschCore | LootTableMaster.java:208 | is file system loot table current -> true
2026-02-08 21:58:29,235 [Server thread] ERROR GottschCore | LootTableMaster.java:208 | is file system loot table current -> true
2026-02-08 21:58:29,236 [Server thread] ERROR GottschCore | LootTableMaster.java:208 | is file system loot table current -> true
2026-02-08 21:58:29,237 [Server thread] ERROR GottschCore | LootTableMaster.java:208 | is file system loot table current -> true
2026-02-08 21:58:29,238 [Server thread] ERROR GottschCore | LootTableMaster.java:208 | is file system loot table current -> true
2026-02-08 21:58:29,239 [Server thread] ERROR GottschCore | LootTableMaster.java:208 | is file system loot table current -> true
2026-02-08 21:58:29,240 [Server thread] ERROR GottschCore | LootTableMaster.java:208 | is file system loot table current -> true
2026-02-08 21:58:29,240 [Server thread] ERROR GottschCore | LootTableMaster.java:208 | is file system loot table current -> true
2026-02-08 21:58:30,094 [Server thread] INFO GottschCore | VersionChecker.java:110 | [gottschcore] Starting version check at https://raw.githubusercontent.com/gottsch/gottsch-minecraft-GottschCore/1.12.2-master/update.json
2026-02-08 21:58:30,103 [Server thread] INFO GottschCore | VersionChecker.java:110 | [dungeons2] Starting version check at https://raw.githubusercontent.com/gottsch/gottsch-minecraft-Dungeons2/1.12.2-master/update.json
